// Jest Snapshot v1, https://goo.gl/fbAQLP

exports[`create-solana-dapp should print the help command 1`] = `
"â”Œ create-solana-dapp 2.0.0
Usage: create-solana-dapp [options] [name]
Arguments:
name Name of the project (default: <prompt>)
Options:
-V, --version
Output the version number
-p, --preset <preset>
Preset to use (default: <prompt>, options: next, react)
--ui <ui-library>
UI library to use (default: <prompt>)
-a, --anchor <template>
Name of the Anchor template to use (default: <prompt>, set to "none" to prevent adding Anchor)
--anchor-build
Build the anchor project (default: false)
--anchor-name <name>
Anchor project name (default: anchor)
--web-name <name>
Web project name (default: web)
-pm, --package-manager <package-manager>
Package manager to use (default: npm)
--yarn
Use yarn as the package manager (default: false)
--pnpm
Use pnpm as the package manager (default: false)
-d, --dry-run
Dry run (default: false)
-h, --help
Display help for command
Examples:
$ create-solana-dapp my-app --preset react
$ create-solana-dapp my-app --preset react --package-manager yarn
$ create-solana-dapp my-app --preset react --anchor hello-world"
`;
